
<!DOCTYPE html>
<html lang="en">
<head>
    <title>My amazing blog!</title>
    <meta charset="UTF-8"/>
    <meta name="description" content="Wow, like and subscribe, it really helps the channel guys" lang="en"/>
</head>
<body>
<nav role="navigation">
    <div>
        <h1>Budding Gopher's blog</h1>
        <ul>
            <li><a href="/">home</a></li>
            <li><a href="about">about</a></li>
            <li><a href="archive">archive</a></li>
        </ul>
    </div>
</nav>
<main>

<h1>Welcome to my blog</h1>

<p>Introduction to my blog</p>

Tags: <ul><li>cooking</li><li>family</li></ul>

<h1 id="first-recipe">First recipe!</h1>

<p>Welcome to my <strong>amazing recipe blog</strong>. I am going to write about my family recipes, and make sure I write a long, irrelevant and boring story about my family before you get to the actual instructions.</p>


</main>
<footer>
    <ul>
        <li><a href="https://github.com/bgics">GitHub</a></li>
    </ul>
</footer>
</body>
</html>

